[    1009ms] [WARNING] THREE.THREE.Clock: This module has been deprecated. Please use THREE.Timer instead. @ webpack-internal:///(app-pages-browser)/./node_modules/next/dist/next-devtools/shared/forward-logs-shared.js:27
[    1075ms] [WARNING] Failed to preload asset: /Music/Donne Maula - Bercinta Lewat Kata.mp3 @ webpack-internal:///(app-pages-browser)/./node_modules/next/dist/next-devtools/shared/forward-logs-shared.js:27
[    1075ms] [WARNING] Failed to preload asset: /Music/Sal Priadi - Kita usahakan rumah itu (Official Lyric Video).mp3 @ webpack-internal:///(app-pages-browser)/./node_modules/next/dist/next-devtools/shared/forward-logs-shared.js:27
[    1075ms] [WARNING] Failed to preload asset: /Music/Malam Tak Berjudul - Monica Christiana (Official Lyric Video).mp3 @ webpack-internal:///(app-pages-browser)/./node_modules/next/dist/next-devtools/shared/forward-logs-shared.js:27
[    1075ms] [WARNING] Failed to preload asset: /Music/SYML - Where's My Love.mp3 @ webpack-internal:///(app-pages-browser)/./node_modules/next/dist/next-devtools/shared/forward-logs-shared.js:27
[    1076ms] [WARNING] Failed to preload asset: /Music/Vancouver Sleep Clinic - Someone to Stay (Official Video).mp3 @ webpack-internal:///(app-pages-browser)/./node_modules/next/dist/next-devtools/shared/forward-logs-shared.js:27
[    1076ms] [WARNING] Failed to preload asset: /Music/Raissa Anggiani - Losing Us..mp3 @ webpack-internal:///(app-pages-browser)/./node_modules/next/dist/next-devtools/shared/forward-logs-shared.js:27
[    1881ms] [WARNING] Failed to preload asset: https://images.unsplash.com/photo-1529156069898-49953eb1b5e6?q=80&w=800&auto=format&fit=crop @ webpack-internal:///(app-pages-browser)/./node_modules/next/dist/next-devtools/shared/forward-logs-shared.js:27
[    1881ms] [WARNING] Failed to preload asset: https://images.unsplash.com/photo-1506744626753-1fa7604d4cbc?q=80&w=800&auto=format&fit=crop @ webpack-internal:///(app-pages-browser)/./node_modules/next/dist/next-devtools/shared/forward-logs-shared.js:27
[    1958ms] [WARNING] Image with src "https://t2.genius.com/unsafe/344x344/https%3A%2F%2Fimages.genius.com%2F78933ac5e08410adafb8a433e73f44c1.1000x1000x1.png" has "fill" but is missing "sizes" prop. Please add it to improve page performance. Read more: https://nextjs.org/docs/api-reference/next/image#sizes @ webpack-internal:///(app-pages-browser)/./node_modules/next/dist/next-devtools/shared/forward-logs-shared.js:27
[    2442ms] [WARNING] Failed to preload asset: https://images.unsplash.com/photo-1470071131384-001b85755b36?q=80&w=800&auto=format&fit=crop @ webpack-internal:///(app-pages-browser)/./node_modules/next/dist/next-devtools/shared/forward-logs-shared.js:27
[   70402ms] [WARNING] THREE.THREE.Clock: This module has been deprecated. Please use THREE.Timer instead. @ webpack-internal:///(app-pages-browser)/./node_modules/next/dist/next-devtools/shared/forward-logs-shared.js:27
[   70421ms] [WARNING] Failed to preload asset: /Music/Donne Maula - Bercinta Lewat Kata.mp3 @ webpack-internal:///(app-pages-browser)/./node_modules/next/dist/next-devtools/shared/forward-logs-shared.js:27
[   70421ms] [WARNING] Failed to preload asset: /Music/Sal Priadi - Kita usahakan rumah itu (Official Lyric Video).mp3 @ webpack-internal:///(app-pages-browser)/./node_modules/next/dist/next-devtools/shared/forward-logs-shared.js:27
[   70422ms] [WARNING] Failed to preload asset: /Music/Malam Tak Berjudul - Monica Christiana (Official Lyric Video).mp3 @ webpack-internal:///(app-pages-browser)/./node_modules/next/dist/next-devtools/shared/forward-logs-shared.js:27
[   70422ms] [WARNING] Failed to preload asset: /Music/Raissa Anggiani - Losing Us..mp3 @ webpack-internal:///(app-pages-browser)/./node_modules/next/dist/next-devtools/shared/forward-logs-shared.js:27
[   70422ms] [WARNING] Failed to preload asset: /Music/Vancouver Sleep Clinic - Someone to Stay (Official Video).mp3 @ webpack-internal:///(app-pages-browser)/./node_modules/next/dist/next-devtools/shared/forward-logs-shared.js:27
[   70422ms] [WARNING] Failed to preload asset: /Music/SYML - Where's My Love.mp3 @ webpack-internal:///(app-pages-browser)/./node_modules/next/dist/next-devtools/shared/forward-logs-shared.js:27
[   70501ms] [WARNING] Failed to preload asset: https://images.unsplash.com/photo-1506744626753-1fa7604d4cbc?q=80&w=800&auto=format&fit=crop @ webpack-internal:///(app-pages-browser)/./node_modules/next/dist/next-devtools/shared/forward-logs-shared.js:27
[   70501ms] [WARNING] Failed to preload asset: https://images.unsplash.com/photo-1529156069898-49953eb1b5e6?q=80&w=800&auto=format&fit=crop @ webpack-internal:///(app-pages-browser)/./node_modules/next/dist/next-devtools/shared/forward-logs-shared.js:27
[   70501ms] [WARNING] Failed to preload asset: https://images.unsplash.com/photo-1470071131384-001b85755b36?q=80&w=800&auto=format&fit=crop @ webpack-internal:///(app-pages-browser)/./node_modules/next/dist/next-devtools/shared/forward-logs-shared.js:27
[   70706ms] [WARNING] Image with src "https://t2.genius.com/unsafe/344x344/https%3A%2F%2Fimages.genius.com%2F78933ac5e08410adafb8a433e73f44c1.1000x1000x1.png" has "fill" but is missing "sizes" prop. Please add it to improve page performance. Read more: https://nextjs.org/docs/api-reference/next/image#sizes @ webpack-internal:///(app-pages-browser)/./node_modules/next/dist/next-devtools/shared/forward-logs-shared.js:27
