[   19719ms] [WARNING] THREE.THREE.Clock: This module has been deprecated. Please use THREE.Timer instead. @ webpack-internal:///(app-pages-browser)/./node_modules/next/dist/next-devtools/shared/forward-logs-shared.js:27
[   19801ms] [WARNING] Failed to preload asset: /Music/Donne Maula - Bercinta Lewat Kata.mp3 @ webpack-internal:///(app-pages-browser)/./node_modules/next/dist/next-devtools/shared/forward-logs-shared.js:27
[   19801ms] [WARNING] Failed to preload asset: /Music/Sal Priadi - Kita usahakan rumah itu (Official Lyric Video).mp3 @ webpack-internal:///(app-pages-browser)/./node_modules/next/dist/next-devtools/shared/forward-logs-shared.js:27
[   19816ms] [WARNING] Failed to preload asset: https://images.unsplash.com/photo-1470071131384-001b85755b36?q=80&w=800&auto=format&fit=crop @ webpack-internal:///(app-pages-browser)/./node_modules/next/dist/next-devtools/shared/forward-logs-shared.js:27
[   19816ms] [WARNING] Failed to preload asset: https://images.unsplash.com/photo-1529156069898-49953eb1b5e6?q=80&w=800&auto=format&fit=crop @ webpack-internal:///(app-pages-browser)/./node_modules/next/dist/next-devtools/shared/forward-logs-shared.js:27
[   19816ms] [WARNING] Failed to preload asset: https://images.unsplash.com/photo-1506744626753-1fa7604d4cbc?q=80&w=800&auto=format&fit=crop @ webpack-internal:///(app-pages-browser)/./node_modules/next/dist/next-devtools/shared/forward-logs-shared.js:27
[   19866ms] [WARNING] Failed to preload asset: /Music/Malam Tak Berjudul - Monica Christiana (Official Lyric Video).mp3 @ webpack-internal:///(app-pages-browser)/./node_modules/next/dist/next-devtools/shared/forward-logs-shared.js:27
[   19867ms] [WARNING] Failed to preload asset: /Music/Raissa Anggiani - Losing Us..mp3 @ webpack-internal:///(app-pages-browser)/./node_modules/next/dist/next-devtools/shared/forward-logs-shared.js:27
[   19867ms] [WARNING] Failed to preload asset: /Music/Vancouver Sleep Clinic - Someone to Stay (Official Video).mp3 @ webpack-internal:///(app-pages-browser)/./node_modules/next/dist/next-devtools/shared/forward-logs-shared.js:27
[   19867ms] [WARNING] Failed to preload asset: /Music/SYML - Where's My Love.mp3 @ webpack-internal:///(app-pages-browser)/./node_modules/next/dist/next-devtools/shared/forward-logs-shared.js:27
[   20327ms] [WARNING] Image with src "https://t2.genius.com/unsafe/344x344/https%3A%2F%2Fimages.genius.com%2F78933ac5e08410adafb8a433e73f44c1.1000x1000x1.png" has "fill" but is missing "sizes" prop. Please add it to improve page performance. Read more: https://nextjs.org/docs/api-reference/next/image#sizes @ webpack-internal:///(app-pages-browser)/./node_modules/next/dist/next-devtools/shared/forward-logs-shared.js:27
[   22333ms] [WARNING] THREE.THREE.Clock: This module has been deprecated. Please use THREE.Timer instead. @ webpack-internal:///(app-pages-browser)/./node_modules/next/dist/next-devtools/shared/forward-logs-shared.js:27
[   22538ms] [WARNING] Failed to preload asset: /Music/Donne Maula - Bercinta Lewat Kata.mp3 @ webpack-internal:///(app-pages-browser)/./node_modules/next/dist/next-devtools/shared/forward-logs-shared.js:27
[   22556ms] [WARNING] Failed to preload asset: /Music/Sal Priadi - Kita usahakan rumah itu (Official Lyric Video).mp3 @ webpack-internal:///(app-pages-browser)/./node_modules/next/dist/next-devtools/shared/forward-logs-shared.js:27
[   22556ms] [WARNING] Failed to preload asset: /Music/Malam Tak Berjudul - Monica Christiana (Official Lyric Video).mp3 @ webpack-internal:///(app-pages-browser)/./node_modules/next/dist/next-devtools/shared/forward-logs-shared.js:27
[   22556ms] [WARNING] Failed to preload asset: /Music/Raissa Anggiani - Losing Us..mp3 @ webpack-internal:///(app-pages-browser)/./node_modules/next/dist/next-devtools/shared/forward-logs-shared.js:27
[   22556ms] [WARNING] Failed to preload asset: /Music/Vancouver Sleep Clinic - Someone to Stay (Official Video).mp3 @ webpack-internal:///(app-pages-browser)/./node_modules/next/dist/next-devtools/shared/forward-logs-shared.js:27
[   22580ms] [WARNING] Failed to preload asset: /Music/SYML - Where's My Love.mp3 @ webpack-internal:///(app-pages-browser)/./node_modules/next/dist/next-devtools/shared/forward-logs-shared.js:27
[   22580ms] [WARNING] Failed to preload asset: https://images.unsplash.com/photo-1529156069898-49953eb1b5e6?q=80&w=800&auto=format&fit=crop @ webpack-internal:///(app-pages-browser)/./node_modules/next/dist/next-devtools/shared/forward-logs-shared.js:27
[   22580ms] [WARNING] Failed to preload asset: https://images.unsplash.com/photo-1506744626753-1fa7604d4cbc?q=80&w=800&auto=format&fit=crop @ webpack-internal:///(app-pages-browser)/./node_modules/next/dist/next-devtools/shared/forward-logs-shared.js:27
[   22580ms] [WARNING] Failed to preload asset: https://images.unsplash.com/photo-1470071131384-001b85755b36?q=80&w=800&auto=format&fit=crop @ webpack-internal:///(app-pages-browser)/./node_modules/next/dist/next-devtools/shared/forward-logs-shared.js:27
[   22940ms] [WARNING] Image with src "https://t2.genius.com/unsafe/344x344/https%3A%2F%2Fimages.genius.com%2F78933ac5e08410adafb8a433e73f44c1.1000x1000x1.png" has "fill" but is missing "sizes" prop. Please add it to improve page performance. Read more: https://nextjs.org/docs/api-reference/next/image#sizes @ webpack-internal:///(app-pages-browser)/./node_modules/next/dist/next-devtools/shared/forward-logs-shared.js:27
[   24074ms] [WARNING] Failed to preload asset: https://images.unsplash.com/photo-1529156069898-49953eb1b5e6?q=80&w=800&auto=format&fit=crop @ webpack-internal:///(app-pages-browser)/./node_modules/next/dist/next-devtools/shared/forward-logs-shared.js:27
[   24074ms] [WARNING] Failed to preload asset: https://images.unsplash.com/photo-1506744626753-1fa7604d4cbc?q=80&w=800&auto=format&fit=crop @ webpack-internal:///(app-pages-browser)/./node_modules/next/dist/next-devtools/shared/forward-logs-shared.js:27
[   24088ms] [WARNING] THREE.THREE.Clock: This module has been deprecated. Please use THREE.Timer instead. @ webpack-internal:///(app-pages-browser)/./node_modules/next/dist/next-devtools/shared/forward-logs-shared.js:27
[   24135ms] [WARNING] Failed to preload asset: https://images.unsplash.com/photo-1470071131384-001b85755b36?q=80&w=800&auto=format&fit=crop @ webpack-internal:///(app-pages-browser)/./node_modules/next/dist/next-devtools/shared/forward-logs-shared.js:27
[   24136ms] [WARNING] Failed to preload asset: /Music/Donne Maula - Bercinta Lewat Kata.mp3 @ webpack-internal:///(app-pages-browser)/./node_modules/next/dist/next-devtools/shared/forward-logs-shared.js:27
[   24136ms] [WARNING] Failed to preload asset: /Music/Sal Priadi - Kita usahakan rumah itu (Official Lyric Video).mp3 @ webpack-internal:///(app-pages-browser)/./node_modules/next/dist/next-devtools/shared/forward-logs-shared.js:27
[   24136ms] [WARNING] Failed to preload asset: /Music/Malam Tak Berjudul - Monica Christiana (Official Lyric Video).mp3 @ webpack-internal:///(app-pages-browser)/./node_modules/next/dist/next-devtools/shared/forward-logs-shared.js:27
[   24136ms] [WARNING] Failed to preload asset: /Music/Raissa Anggiani - Losing Us..mp3 @ webpack-internal:///(app-pages-browser)/./node_modules/next/dist/next-devtools/shared/forward-logs-shared.js:27
[   24136ms] [WARNING] Failed to preload asset: /Music/Vancouver Sleep Clinic - Someone to Stay (Official Video).mp3 @ webpack-internal:///(app-pages-browser)/./node_modules/next/dist/next-devtools/shared/forward-logs-shared.js:27
[   24136ms] [WARNING] Failed to preload asset: /Music/SYML - Where's My Love.mp3 @ webpack-internal:///(app-pages-browser)/./node_modules/next/dist/next-devtools/shared/forward-logs-shared.js:27
[   24718ms] [WARNING] Image with src "https://t2.genius.com/unsafe/344x344/https%3A%2F%2Fimages.genius.com%2F78933ac5e08410adafb8a433e73f44c1.1000x1000x1.png" has "fill" but is missing "sizes" prop. Please add it to improve page performance. Read more: https://nextjs.org/docs/api-reference/next/image#sizes @ webpack-internal:///(app-pages-browser)/./node_modules/next/dist/next-devtools/shared/forward-logs-shared.js:27
[   28081ms] [WARNING] The resource http://localhost:3000/_next/static/css/app/layout.css?v=1772975721227 was preloaded using link preload but not used within a few seconds from the window's load event. Please make sure it has an appropriate `as` value and it is preloaded intentionally. @ http://localhost:3000/:0
[   31325ms] [WARNING] The resource http://localhost:3000/_next/static/css/app/layout.css?v=1772975721227 was preloaded using link preload but not used within a few seconds from the window's load event. Please make sure it has an appropriate `as` value and it is preloaded intentionally. @ http://localhost:3000/:0
[   35508ms] [WARNING] The resource http://localhost:3000/_next/static/css/app/layout.css?v=1772975721227 was preloaded using link preload but not used within a few seconds from the window's load event. Please make sure it has an appropriate `as` value and it is preloaded intentionally. @ http://localhost:3000/:0
[   37462ms] [WARNING] THREE.THREE.Clock: This module has been deprecated. Please use THREE.Timer instead. @ webpack-internal:///(app-pages-browser)/./node_modules/next/dist/next-devtools/shared/forward-logs-shared.js:27
[   37523ms] [WARNING] Failed to preload asset: https://images.unsplash.com/photo-1529156069898-49953eb1b5e6?q=80&w=800&auto=format&fit=crop @ webpack-internal:///(app-pages-browser)/./node_modules/next/dist/next-devtools/shared/forward-logs-shared.js:27
[   37523ms] [WARNING] Failed to preload asset: https://images.unsplash.com/photo-1506744626753-1fa7604d4cbc?q=80&w=800&auto=format&fit=crop @ webpack-internal:///(app-pages-browser)/./node_modules/next/dist/next-devtools/shared/forward-logs-shared.js:27
[   37523ms] [WARNING] Failed to preload asset: https://images.unsplash.com/photo-1470071131384-001b85755b36?q=80&w=800&auto=format&fit=crop @ webpack-internal:///(app-pages-browser)/./node_modules/next/dist/next-devtools/shared/forward-logs-shared.js:27
[   37532ms] [WARNING] Failed to preload asset: /Music/Donne Maula - Bercinta Lewat Kata.mp3 @ webpack-internal:///(app-pages-browser)/./node_modules/next/dist/next-devtools/shared/forward-logs-shared.js:27
[   37543ms] [WARNING] Failed to preload asset: /Music/Sal Priadi - Kita usahakan rumah itu (Official Lyric Video).mp3 @ webpack-internal:///(app-pages-browser)/./node_modules/next/dist/next-devtools/shared/forward-logs-shared.js:27
[   37544ms] [WARNING] Failed to preload asset: /Music/Malam Tak Berjudul - Monica Christiana (Official Lyric Video).mp3 @ webpack-internal:///(app-pages-browser)/./node_modules/next/dist/next-devtools/shared/forward-logs-shared.js:27
[   37544ms] [WARNING] Failed to preload asset: /Music/Raissa Anggiani - Losing Us..mp3 @ webpack-internal:///(app-pages-browser)/./node_modules/next/dist/next-devtools/shared/forward-logs-shared.js:27
[   37544ms] [WARNING] Failed to preload asset: /Music/Vancouver Sleep Clinic - Someone to Stay (Official Video).mp3 @ webpack-internal:///(app-pages-browser)/./node_modules/next/dist/next-devtools/shared/forward-logs-shared.js:27
[   37591ms] [WARNING] Failed to preload asset: /Music/SYML - Where's My Love.mp3 @ webpack-internal:///(app-pages-browser)/./node_modules/next/dist/next-devtools/shared/forward-logs-shared.js:27
[   37990ms] [WARNING] Image with src "https://t2.genius.com/unsafe/344x344/https%3A%2F%2Fimages.genius.com%2F78933ac5e08410adafb8a433e73f44c1.1000x1000x1.png" has "fill" but is missing "sizes" prop. Please add it to improve page performance. Read more: https://nextjs.org/docs/api-reference/next/image#sizes @ webpack-internal:///(app-pages-browser)/./node_modules/next/dist/next-devtools/shared/forward-logs-shared.js:27
[   39067ms] [WARNING] Failed to preload asset: https://images.unsplash.com/photo-1529156069898-49953eb1b5e6?q=80&w=800&auto=format&fit=crop @ webpack-internal:///(app-pages-browser)/./node_modules/next/dist/next-devtools/shared/forward-logs-shared.js:27
[   39067ms] [WARNING] Failed to preload asset: https://images.unsplash.com/photo-1506744626753-1fa7604d4cbc?q=80&w=800&auto=format&fit=crop @ webpack-internal:///(app-pages-browser)/./node_modules/next/dist/next-devtools/shared/forward-logs-shared.js:27
[   39103ms] [WARNING] Failed to preload asset: /Music/Donne Maula - Bercinta Lewat Kata.mp3 @ webpack-internal:///(app-pages-browser)/./node_modules/next/dist/next-devtools/shared/forward-logs-shared.js:27
[   39103ms] [WARNING] Failed to preload asset: /Music/Sal Priadi - Kita usahakan rumah itu (Official Lyric Video).mp3 @ webpack-internal:///(app-pages-browser)/./node_modules/next/dist/next-devtools/shared/forward-logs-shared.js:27
[   39103ms] [WARNING] Failed to preload asset: /Music/Malam Tak Berjudul - Monica Christiana (Official Lyric Video).mp3 @ webpack-internal:///(app-pages-browser)/./node_modules/next/dist/next-devtools/shared/forward-logs-shared.js:27
[   39103ms] [WARNING] Failed to preload asset: /Music/Raissa Anggiani - Losing Us..mp3 @ webpack-internal:///(app-pages-browser)/./node_modules/next/dist/next-devtools/shared/forward-logs-shared.js:27
[   39103ms] [WARNING] Failed to preload asset: /Music/Vancouver Sleep Clinic - Someone to Stay (Official Video).mp3 @ webpack-internal:///(app-pages-browser)/./node_modules/next/dist/next-devtools/shared/forward-logs-shared.js:27
[   39103ms] [WARNING] Failed to preload asset: /Music/SYML - Where's My Love.mp3 @ webpack-internal:///(app-pages-browser)/./node_modules/next/dist/next-devtools/shared/forward-logs-shared.js:27
[   39119ms] [WARNING] THREE.THREE.Clock: This module has been deprecated. Please use THREE.Timer instead. @ webpack-internal:///(app-pages-browser)/./node_modules/next/dist/next-devtools/shared/forward-logs-shared.js:27
[   39154ms] [WARNING] Failed to preload asset: https://images.unsplash.com/photo-1470071131384-001b85755b36?q=80&w=800&auto=format&fit=crop @ webpack-internal:///(app-pages-browser)/./node_modules/next/dist/next-devtools/shared/forward-logs-shared.js:27
[   39565ms] [WARNING] Image with src "https://t2.genius.com/unsafe/344x344/https%3A%2F%2Fimages.genius.com%2F78933ac5e08410adafb8a433e73f44c1.1000x1000x1.png" has "fill" but is missing "sizes" prop. Please add it to improve page performance. Read more: https://nextjs.org/docs/api-reference/next/image#sizes @ webpack-internal:///(app-pages-browser)/./node_modules/next/dist/next-devtools/shared/forward-logs-shared.js:27
[   42987ms] [WARNING] The resource http://localhost:3000/_next/static/css/app/layout.css?v=1772975736199 was preloaded using link preload but not used within a few seconds from the window's load event. Please make sure it has an appropriate `as` value and it is preloaded intentionally. @ http://localhost:3000/:0
[   46241ms] [WARNING] The resource http://localhost:3000/_next/static/css/app/layout.css?v=1772975736199 was preloaded using link preload but not used within a few seconds from the window's load event. Please make sure it has an appropriate `as` value and it is preloaded intentionally. @ http://localhost:3000/:0
